https://iz.ru/1113848/ekaterina-postnikova/poluzhivaia-italiia-kak-pravitelstvo-respubliki-spaslo-sebia-ot-razvala	near "Italia": syntax error
https://iz.ru/1113640/dmitrii-migunov/khvatit-kormit-ameriku-es-reshil-izbavitsia-ot-dollarovogo-iga	near "Эстен": syntax error
https://iz.ru/1083447/nataliia-portiakova/dazhe-piva-ne-popiut-ban-dlia-frau-merkel-i-tatuirovannyi-diplomat	near "s": syntax error
https://iz.ru/1081422/sergei-uvarov/golosi-ili-proigraesh-amerikantcy-poiut-o-trampe-evropeitcy-o-liubvi	near "on": syntax error
https://iz.ru/1049322/kseniia-loginova/treshchit-po-shvam-sdelka-ssha-talibov-i-afganskikh-vlastei-pod-ugrozoi	near "Брайен": syntax error
https://iz.ru/1018728/kirill-senin/protestnoe-golosovanie-kak-besporiadki-v-ssha-otraziatsia-na-vyborakh	near "Брайен": syntax error
https://iz.ru/997682/aleksei-zabrodin/reiting-obodreniia-pochemu-donald-tramp-nabiraet-ochki-na-pandemii	near "round": syntax error
https://iz.ru/985646/kirill-senin/stavki-sdelany-demokraty-nashli-sopernika-trampu	near "t": syntax error
https://iz.ru/967832/dmitrii-migunov/ne-u-deli-pochemu-indiia-pogruzilas-v-ekonomicheskii-krizis	near "s": syntax error
https://iz.ru/957405/vladislav-krylov/voiti-v-trans-v-chem-obviniaiut-dzhoan-rouling	near "s": syntax error
https://iz.ru/947419/kirill-senin/protiv-ekzistentcialnoi-ugrozy-v-predvybornuiu-gonku-v-ssha-vkliuchilsia-maikl-blumberg	near "Egg": syntax error
https://iz.ru/937117/igor-karmazin/na-kurortakh-azova-ukrainskii-polk-v-ssha-obvinili-v-terrorizme	near "Рука": syntax error
https://iz.ru/880299/vladislav-krylov/drakarizirui-eto-pochemu-igra-prestolov-stala-kulturnym-sobytiem-desiatiletiia	near "а": syntax error
https://iz.ru/822260/kirill-senin/apparatnaia-intriga-tramp-nachal-kliuchevye-perestanovki-v-belom-dome	near "t": syntax error
https://iz.ru/801476/dmitrii-migunov/skazku-sdelat-pribyliu-pochemu-ssha-ugrozhaet-bednost	near "s": syntax error
https://iz.ru/694664/aleksei-kupriianov/ne-politikoi-edinoi	near "s": syntax error
https://iz.ru/604251/nataliia-portiakova/pobeda-s-privkusom-gorechi	near "Institut": syntax error
https://iz.ru/news/645754	near "t": syntax error
https://iz.ru/news/643646	near "Committee": syntax error
https://iz.ru/news/636731	near "t": syntax error
https://iz.ru/news/634595	near "ll": syntax error
https://iz.ru/news/576722	near "s": syntax error
https://iz.ru/news/562507	near "s": syntax error
https://iz.ru/news/557885	near "s": syntax error
https://iz.ru/news/552726	near "t": syntax error
https://iz.ru/news/549252	'NoneType' object has no attribute 'find_all'
https://iz.ru/news/537521	near "s": syntax error
https://iz.ru/news/532512	near "m": syntax error
https://iz.ru/news/526069	near "Officiel": syntax error
https://iz.ru/news/524225	near "R": syntax error
https://iz.ru/news/522988	near "Утри": syntax error
https://iz.ru/news/373651	near "Ивуара": syntax error
https://iz.ru/news/372976	near "Коннел": syntax error
https://iz.ru/news/372287	near "Артаньяны": syntax error
https://iz.ru/news/369191	near "s": syntax error
https://iz.ru/news/368969	near "ы": syntax error
https://iz.ru/news/368329	near "Кифф": syntax error
https://iz.ru/news/367020	near "ом": syntax error
https://iz.ru/news/366657	near "s": syntax error
https://iz.ru/news/365879	near "Анкос": syntax error
https://iz.ru/news/365734	near "une": syntax error
https://iz.ru/news/365484	near "Артаньян": syntax error
https://iz.ru/news/365477	near "Аламбером": syntax error
https://iz.ru/news/363150	near "s": syntax error
https://iz.ru/news/361421	near "s": syntax error
https://iz.ru/news/353298	'NoneType' object has no attribute 'find_all'
https://iz.ru/news/350402	near "Артаньян": syntax error
https://iz.ru/news/350254	near "Эското": syntax error
https://iz.ru/news/349572	near "occhio": syntax error
https://iz.ru/news/347769	near "Italia": syntax error
https://iz.ru/news/346499	near "s": syntax error
https://iz.ru/news/346057	near "s": syntax error
https://iz.ru/news/345337	near "е": syntax error
https://iz.ru/news/344704	near "ai": syntax error
https://iz.ru/news/342089	near "s": syntax error
https://iz.ru/news/342052	near "а": syntax error
https://iz.ru/news/338701	near "s": syntax error
https://iz.ru/news/338026	near "кей": syntax error
https://iz.ru/news/337679	near "кэй": syntax error
https://iz.ru/news/337440	near "Рейли": syntax error
https://iz.ru/news/334173	near "etre": syntax error
https://iz.ru/news/333791	near "etat": syntax error
https://iz.ru/news/333548	near "t": syntax error
https://iz.ru/news/332447	near "un": syntax error
https://iz.ru/news/330545	near "m": syntax error
https://iz.ru/news/330459	near "американец": syntax error
https://iz.ru/news/330046	near "re": syntax error
https://iz.ru/news/329751	near "amuse": syntax error
https://iz.ru/news/327272	near "Oreal": syntax error
https://iz.ru/news/325969	near "etat": syntax error
https://iz.ru/news/324783	near "t": syntax error
https://iz.ru/news/323664	near "s": syntax error
https://iz.ru/news/323650	near "О": syntax error
https://iz.ru/news/322642	near "Рэйлли": syntax error
https://iz.ru/news/319423	near "Арк": syntax error
https://iz.ru/news/319156	near "Арк": syntax error
https://iz.ru/news/318867	near "s": syntax error
https://iz.ru/news/317050	near "Анкосс": syntax error
https://iz.ru/news/315740	near "Alsace": syntax error
https://iz.ru/news/314602	near "s": syntax error
https://iz.ru/news/313589	near "Артаньян": syntax error
https://iz.ru/news/307733	near "Орсэ": syntax error
https://iz.ru/news/306747	near "ок": syntax error
https://iz.ru/news/306615	near "Коннор": syntax error
https://iz.ru/444032/o-chem-zabyli-sprosit-prezidenta	near "http": syntax error
https://iz.ru/news/305531	near "Ивуар": syntax error
https://iz.ru/news/304409	near "Коннор": syntax error
https://iz.ru/news/303552	near "Арк": syntax error
https://iz.ru/news/302364	near "Эстене": syntax error
https://iz.ru/news/296959	near "ов": syntax error
https://iz.ru/news/295792	near "Нил": syntax error
https://iz.ru/news/289851	near "Амато": syntax error
https://iz.ru/news/285682	near "Нил": syntax error
https://iz.ru/news/284571	near "Реформа": syntax error
https://iz.ru/news/284089	near "Доннелла": syntax error
https://iz.ru/news/282492	near "s": syntax error
https://iz.ru/news/281193	near "as": syntax error
https://iz.ru/news/274720	near "материальные": syntax error
https://iz.ru/news/274015	near "кей": syntax error
https://iz.ru/news/273081	near "s": syntax error
https://iz.ru/news/272898	near "Эстен": syntax error
https://iz.ru/news/272792	near "кей": syntax error
https://iz.ru/news/270542	near "Нил": syntax error
https://iz.ru/news/270095	near "кей": syntax error
https://iz.ru/news/270093	near "Известий": syntax error
https://iz.ru/news/269756	near "Эстена": syntax error
https://iz.ru/news/269594	near "s": syntax error
https://iz.ru/news/269293	near "а": syntax error
https://iz.ru/news/267113	near "Internet": syntax error
https://iz.ru/news/266911	near "Орсэ": syntax error
https://iz.ru/news/265338	near "s": syntax error
https://iz.ru/news/265074	near "Артаньян": syntax error
https://iz.ru/news/264546	near "na": syntax error
https://iz.ru/news/259868	near "Алема": syntax error
https://iz.ru/news/259551	near "Нила": syntax error
https://iz.ru/news/258596	near "Хэнлоу": syntax error
https://iz.ru/news/258434	near "а": syntax error
https://iz.ru/news/258348	near "Riordan": syntax error
https://iz.ru/news/256918	near "Нил": syntax error
https://iz.ru/news/255958	near "Эстена": syntax error
https://iz.ru/news/252823	near "а": syntax error
https://iz.ru/news/248695	near "s": syntax error
